00:00 +0: loading D:/IAs/book_sharing_app_apk/test/services/unified_sync_coordinator_test.dart
00:00 +0: UnifiedSyncCoordinator - B├ísico Estado inicial es correcto
[UnifiedSyncCoordinator] Inicializando UnifiedSyncCoordinator...
[UnifiedSyncCoordinator] Disposing UnifiedSyncCoordinator...
[UnifiedSyncCoordinator] Deteniendo auto-sync peri├│dico...
00:00 +1: UnifiedSyncCoordinator - B├ísico markPendingChanges actualiza el estado de la entidad
[UnifiedSyncCoordinator] Inicializando UnifiedSyncCoordinator...
[UnifiedSyncCoordinator] Cambios pendientes marcados: books (prioridad: medium)
[UnifiedSyncCoordinator] Disposing UnifiedSyncCoordinator...
[UnifiedSyncCoordinator] Deteniendo auto-sync peri├│dico...
00:00 +2: UnifiedSyncCoordinator - B├ísico syncNow sincroniza todas las entidades
[UnifiedSyncCoordinator] Inicializando UnifiedSyncCoordinator...
[UnifiedSyncCoordinator] Sincronizaci├│n manual iniciada para: [users, books, groups, loans, notifications]
[UnifiedSyncCoordinator] Sincronizaci├│n de users completada.
[UnifiedSyncCoordinator] Sincronizaci├│n de groups completada.
[UnifiedSyncCoordinator] Sincronizaci├│n de loans completada.
[UnifiedSyncCoordinator] Sincronizaci├│n de books completada.
[UnifiedSyncCoordinator] Sincronizaci├│n de notifications completada.
[UnifiedSyncCoordinator] Sincronizaci├│n manual completada exitosamente.
[UnifiedSyncCoordinator] Disposing UnifiedSyncCoordinator...
[UnifiedSyncCoordinator] Deteniendo auto-sync peri├│dico...
00:00 +3: UnifiedSyncCoordinator - B├ísico syncNow sincroniza solo entidades especificadas
[UnifiedSyncCoordinator] Inicializando UnifiedSyncCoordinator...
[UnifiedSyncCoordinator] Sincronizaci├│n manual iniciada para: [users, books]
[UnifiedSyncCoordinator] Sincronizaci├│n de users completada.
[UnifiedSyncCoordinator] Sincronizaci├│n de books completada.
[UnifiedSyncCoordinator] Sincronizaci├│n manual completada exitosamente.
[UnifiedSyncCoordinator] Disposing UnifiedSyncCoordinator...
[UnifiedSyncCoordinator] Deteniendo auto-sync peri├│dico...
00:00 +4: UnifiedSyncCoordinator - Prioridades y Debouncing Alta prioridad sincroniza inmediatamente
[UnifiedSyncCoordinator] Inicializando UnifiedSyncCoordinator...
[UnifiedSyncCoordinator] Cambios pendientes marcados: users (prioridad: high)
[UnifiedSyncCoordinator] Sincronizaci├│n de users completada.
[UnifiedSyncCoordinator] Disposing UnifiedSyncCoordinator...
[UnifiedSyncCoordinator] Deteniendo auto-sync peri├│dico...
00:00 +5: UnifiedSyncCoordinator - Prioridades y Debouncing Media prioridad usa debounce de 2s
[UnifiedSyncCoordinator] Inicializando UnifiedSyncCoordinator...
[UnifiedSyncCoordinator] Cambios pendientes marcados: groups (prioridad: medium)
[UnifiedSyncCoordinator] Sincronizaci├│n de groups completada.
[UnifiedSyncCoordinator] Disposing UnifiedSyncCoordinator...
[UnifiedSyncCoordinator] Deteniendo auto-sync peri├│dico...
00:00 +6: UnifiedSyncCoordinator - Prioridades y Debouncing Baja prioridad usa debounce de 5s
[UnifiedSyncCoordinator] Inicializando UnifiedSyncCoordinator...
[UnifiedSyncCoordinator] Cambios pendientes marcados: books (prioridad: low)
[UnifiedSyncCoordinator] Sincronizaci├│n de books completada.
[UnifiedSyncCoordinator] Disposing UnifiedSyncCoordinator...
[UnifiedSyncCoordinator] Deteniendo auto-sync peri├│dico...
00:00 +7: UnifiedSyncCoordinator - Prioridades y Debouncing M├║ltiples markPendingChanges resetean el debounce
[UnifiedSyncCoordinator] Inicializando UnifiedSyncCoordinator...
[UnifiedSyncCoordinator] Cambios pendientes marcados: books (prioridad: low)
[UnifiedSyncCoordinator] Cambios pendientes marcados: books (prioridad: low)
[UnifiedSyncCoordinator] Sincronizaci├│n de books completada.
[UnifiedSyncCoordinator] Disposing UnifiedSyncCoordinator...
[UnifiedSyncCoordinator] Deteniendo auto-sync peri├│dico...
00:00 +8: UnifiedSyncCoordinator - Eventos Cr├¡ticos Evento cr├¡tico sincroniza inmediatamente sin debounce
[UnifiedSyncCoordinator] Inicializando UnifiedSyncCoordinator...
[UnifiedSyncCoordinator] Evento cr├¡tico recibido: loanCreated, sincronizando inmediatamente...
[UnifiedSyncCoordinator] Sincronizaci├│n manual iniciada para: [loans, groups, books]
[UnifiedSyncCoordinator] Sincronizaci├│n de users completada.
[UnifiedSyncCoordinator] Sincronizaci├│n de groups completada.
[UnifiedSyncCoordinator] Sincronizaci├│n de loans completada.
[UnifiedSyncCoordinator] Sincronizaci├│n de books completada.
[UnifiedSyncCoordinator] Sincronizaci├│n manual completada exitosamente.
00:00 +8 -1: UnifiedSyncCoordinator - Eventos Cr├¡ticos Evento cr├¡tico sincroniza inmediatamente sin debounce [E]
  type 'Null' is not a subtype of type 'bool'
  test\services\unified_sync_coordinator_test.dart 13:7                   MockGroupSyncController.mounted
  package:book_sharing_app/services/unified_sync_coordinator.dart 234:31  UnifiedSyncCoordinator.syncOnCriticalEvent
  
[UnifiedSyncCoordinator] Disposing UnifiedSyncCoordinator...
[UnifiedSyncCoordinator] Deteniendo auto-sync peri├│dico...
00:00 +8 -1: UnifiedSyncCoordinator - Eventos Cr├¡ticos Evento de invitaci├│n sincroniza grupos y usuarios
[UnifiedSyncCoordinator] Inicializando UnifiedSyncCoordinator...
[UnifiedSyncCoordinator] Evento cr├¡tico recibido: groupInvitationAccepted, sincronizando inmediatamente...
[UnifiedSyncCoordinator] Sincronizaci├│n manual iniciada para: [groups, users]
[UnifiedSyncCoordinator] Sincronizaci├│n de users completada.
[UnifiedSyncCoordinator] Sincronizaci├│n de groups completada.
[UnifiedSyncCoordinator] Sincronizaci├│n manual completada exitosamente.
00:00 +8 -2: UnifiedSyncCoordinator - Eventos Cr├¡ticos Evento de invitaci├│n sincroniza grupos y usuarios [E]
  type 'Null' is not a subtype of type 'bool'
  test\services\unified_sync_coordinator_test.dart 13:7                   MockGroupSyncController.mounted
  package:book_sharing_app/services/unified_sync_coordinator.dart 234:31  UnifiedSyncCoordinator.syncOnCriticalEvent
  
[UnifiedSyncCoordinator] Disposing UnifiedSyncCoordinator...
[UnifiedSyncCoordinator] Deteniendo auto-sync peri├│dico...
00:00 +8 -2: UnifiedSyncCoordinator - Eventos Cr├¡ticos Evento cr├¡tico cancela debounce pendiente
[UnifiedSyncCoordinator] Inicializando UnifiedSyncCoordinator...
[UnifiedSyncCoordinator] Cambios pendientes marcados: groups (prioridad: medium)
[UnifiedSyncCoordinator] Evento cr├¡tico recibido: loanCreated, sincronizando inmediatamente...
[UnifiedSyncCoordinator] Sincronizaci├│n manual iniciada para: [loans, groups, books]
[UnifiedSyncCoordinator] Sincronizaci├│n de users completada.
[UnifiedSyncCoordinator] Sincronizaci├│n de groups completada.
[UnifiedSyncCoordinator] Sincronizaci├│n de loans completada.
[UnifiedSyncCoordinator] Sincronizaci├│n de books completada.
[UnifiedSyncCoordinator] Sincronizaci├│n manual completada exitosamente.
00:00 +8 -3: UnifiedSyncCoordinator - Eventos Cr├¡ticos Evento cr├¡tico cancela debounce pendiente [E]
  type 'Null' is not a subtype of type 'bool'
  test\services\unified_sync_coordinator_test.dart 13:7                   MockGroupSyncController.mounted
  package:book_sharing_app/services/unified_sync_coordinator.dart 234:31  UnifiedSyncCoordinator.syncOnCriticalEvent
  
[UnifiedSyncCoordinator] Disposing UnifiedSyncCoordinator...
[UnifiedSyncCoordinator] Deteniendo auto-sync peri├│dico...
00:00 +8 -3: UnifiedSyncCoordinator - Manejo de Errores y Reintentos Error en sincronizaci├│n programa reintento
[UnifiedSyncCoordinator] Inicializando UnifiedSyncCoordinator...
[UnifiedSyncCoordinator] Cambios pendientes marcados: books (prioridad: high)
[UnifiedSyncCoordinator] Error sincronizando books: Exception: Error de sincronizaci├│n
[UnifiedSyncCoordinator] Error: Exception: Error de sincronizaci├│n
[UnifiedSyncCoordinator] Programando reintento 1/5 para books en 1s
[UnifiedSyncCoordinator] Ejecutando reintento 1 para books
[UnifiedSyncCoordinator] Sincronizaci├│n de books completada.
00:00 +8 -4: UnifiedSyncCoordinator - Manejo de Errores y Reintentos Error en sincronizaci├│n programa reintento [E]
  Expected: <2>
    Actual: <1>
  Unexpected number of calls
  
  package:matcher                                          expect
  package:mocktail/src/mocktail.dart 595:5                 VerificationResult.called
  test\services\unified_sync_coordinator_test.dart 229:43  main.<fn>.<fn>.<fn>
  package:fake_async/fake_async.dart 182:47                FakeAsync.run.<fn>.<fn>
  dart:async                                               runZoned
  package:clock/src/default.dart 52:10                     withClock
  package:fake_async/fake_async.dart 182:15                FakeAsync.run.<fn>
  dart:async                                               runZoned
  package:fake_async/fake_async.dart 181:52                FakeAsync.run
  package:fake_async/fake_async.dart 41:41                 fakeAsync
  test\services\unified_sync_coordinator_test.dart 207:7   main.<fn>.<fn>
  
[UnifiedSyncCoordinator] Disposing UnifiedSyncCoordinator...
[UnifiedSyncCoordinator] Deteniendo auto-sync peri├│dico...
00:00 +8 -4: UnifiedSyncCoordinator - Manejo de Errores y Reintentos Reintentos usan delay exponencial
[UnifiedSyncCoordinator] Inicializando UnifiedSyncCoordinator...
[UnifiedSyncCoordinator] Cambios pendientes marcados: books (prioridad: high)
[UnifiedSyncCoordinator] Error sincronizando books: Exception: Error
[UnifiedSyncCoordinator] Error: Exception: Error
[UnifiedSyncCoordinator] Programando reintento 1/5 para books en 1s
[UnifiedSyncCoordinator] Ejecutando reintento 1 para books
[UnifiedSyncCoordinator] Error sincronizando books: Exception: Error
[UnifiedSyncCoordinator] Error: Exception: Error
[UnifiedSyncCoordinator] Programando reintento 2/5 para books en 2s
[UnifiedSyncCoordinator] Ejecutando reintento 2 para books
[UnifiedSyncCoordinator] Sincronizaci├│n de books completada.
[UnifiedSyncCoordinator] Disposing UnifiedSyncCoordinator...
[UnifiedSyncCoordinator] Deteniendo auto-sync peri├│dico...
00:00 +9 -4: UnifiedSyncCoordinator - Manejo de Errores y Reintentos M├íximo de reintentos se respeta
[UnifiedSyncCoordinator] Inicializando UnifiedSyncCoordinator...
[UnifiedSyncCoordinator] Cambios pendientes marcados: books (prioridad: high)
[UnifiedSyncCoordinator] Error sincronizando books: Exception: Error persistente
[UnifiedSyncCoordinator] Error: Exception: Error persistente
[UnifiedSyncCoordinator] Programando reintento 1/5 para books en 1s
[UnifiedSyncCoordinator] Ejecutando reintento 1 para books
[UnifiedSyncCoordinator] Error sincronizando books: Exception: Error persistente
[UnifiedSyncCoordinator] Error: Exception: Error persistente
[UnifiedSyncCoordinator] Programando reintento 2/5 para books en 2s
[UnifiedSyncCoordinator] Ejecutando reintento 2 para books
[UnifiedSyncCoordinator] Error sincronizando books: Exception: Error persistente
[UnifiedSyncCoordinator] Error: Exception: Error persistente
[UnifiedSyncCoordinator] Programando reintento 3/5 para books en 4s
[UnifiedSyncCoordinator] Ejecutando reintento 3 para books
[UnifiedSyncCoordinator] Error sincronizando books: Exception: Error persistente
[UnifiedSyncCoordinator] Error: Exception: Error persistente
[UnifiedSyncCoordinator] Programando reintento 4/5 para books en 8s
[UnifiedSyncCoordinator] Ejecutando reintento 4 para books
[UnifiedSyncCoordinator] Error sincronizando books: Exception: Error persistente
[UnifiedSyncCoordinator] Error: Exception: Error persistente
[UnifiedSyncCoordinator] Programando reintento 5/5 para books en 16s
[UnifiedSyncCoordinator] Ejecutando reintento 5 para books
[UnifiedSyncCoordinator] Error sincronizando books: Exception: Error persistente
[UnifiedSyncCoordinator] Error: Exception: Error persistente
[UnifiedSyncCoordinator] M├íximo de reintentos alcanzado para books.
[UnifiedSyncCoordinator] Disposing UnifiedSyncCoordinator...
[UnifiedSyncCoordinator] Deteniendo auto-sync peri├│dico...
00:00 +10 -4: UnifiedSyncCoordinator - Manejo de Errores y Reintentos Sincronizaci├│n exitosa resetea contador de reintentos
[UnifiedSyncCoordinator] Inicializando UnifiedSyncCoordinator...
[UnifiedSyncCoordinator] Cambios pendientes marcados: books (prioridad: high)
[UnifiedSyncCoordinator] Error sincronizando books: Exception: Error temporal
[UnifiedSyncCoordinator] Error: Exception: Error temporal
[UnifiedSyncCoordinator] Programando reintento 1/5 para books en 1s
[UnifiedSyncCoordinator] Ejecutando reintento 1 para books
[UnifiedSyncCoordinator] Sincronizaci├│n de books completada.
[UnifiedSyncCoordinator] Cambios pendientes marcados: books (prioridad: high)
[UnifiedSyncCoordinator] Error sincronizando books: Exception: Nuevo error
[UnifiedSyncCoordinator] Error: Exception: Nuevo error
[UnifiedSyncCoordinator] Programando reintento 1/5 para books en 1s
00:00 +10 -5: UnifiedSyncCoordinator - Manejo de Errores y Reintentos Sincronizaci├│n exitosa resetea contador de reintentos [E]
  Expected: <1>
    Actual: <0>
  
  package:matcher                                         expect
  package:flutter_test/src/widget_tester.dart 473:18      expect
  test\services\unified_sync_coordinator_test.dart 313:9  main.<fn>.<fn>.<fn>
  package:fake_async/fake_async.dart 182:47               FakeAsync.run.<fn>.<fn>
  dart:async                                              runZoned
  package:clock/src/default.dart 52:10                    withClock
  package:fake_async/fake_async.dart 182:15               FakeAsync.run.<fn>
  dart:async                                              runZoned
  package:fake_async/fake_async.dart 181:52               FakeAsync.run
  package:fake_async/fake_async.dart 41:41                fakeAsync
  test\services\unified_sync_coordinator_test.dart 281:7  main.<fn>.<fn>
  
[UnifiedSyncCoordinator] Disposing UnifiedSyncCoordinator...
[UnifiedSyncCoordinator] Deteniendo auto-sync peri├│dico...
00:00 +10 -5: UnifiedSyncCoordinator - Auto-Sync y Suspensi├│n startAutoSync inicia sincronizaci├│n peri├│dica
[UnifiedSyncCoordinator] Inicializando UnifiedSyncCoordinator...
[UnifiedSyncCoordinator] Iniciando auto-sync peri├│dico...
[UnifiedSyncCoordinator] Pr├│xima sincronizaci├│n peri├│dica en 120s
[UnifiedSyncCoordinator] Disposing UnifiedSyncCoordinator...
[UnifiedSyncCoordinator] Deteniendo auto-sync peri├│dico...
00:00 +11 -5: UnifiedSyncCoordinator - Auto-Sync y Suspensi├│n stopAutoSync detiene sincronizaci├│n peri├│dica
[UnifiedSyncCoordinator] Inicializando UnifiedSyncCoordinator...
[UnifiedSyncCoordinator] Iniciando auto-sync peri├│dico...
[UnifiedSyncCoordinator] Pr├│xima sincronizaci├│n peri├│dica en 120s
[UnifiedSyncCoordinator] Deteniendo auto-sync peri├│dico...
[UnifiedSyncCoordinator] Disposing UnifiedSyncCoordinator...
[UnifiedSyncCoordinator] Deteniendo auto-sync peri├│dico...
00:00 +12 -5: UnifiedSyncCoordinator - Auto-Sync y Suspensi├│n suspendAutoSync suspende temporalmente
[UnifiedSyncCoordinator] Inicializando UnifiedSyncCoordinator...
[UnifiedSyncCoordinator] Iniciando auto-sync peri├│dico...
[UnifiedSyncCoordinator] Pr├│xima sincronizaci├│n peri├│dica en 120s
[UnifiedSyncCoordinator] Suspendiendo auto-sync temporalmente...
[UnifiedSyncCoordinator] Disposing UnifiedSyncCoordinator...
[UnifiedSyncCoordinator] Deteniendo auto-sync peri├│dico...
00:00 +13 -5: UnifiedSyncCoordinator - Auto-Sync y Suspensi├│n resumeAutoSync reanuda desde suspensi├│n
[UnifiedSyncCoordinator] Inicializando UnifiedSyncCoordinator...
[UnifiedSyncCoordinator] Iniciando auto-sync peri├│dico...
[UnifiedSyncCoordinator] Pr├│xima sincronizaci├│n peri├│dica en 120s
[UnifiedSyncCoordinator] Suspendiendo auto-sync temporalmente...
[UnifiedSyncCoordinator] Reanudando auto-sync...
[UnifiedSyncCoordinator] Pr├│xima sincronizaci├│n peri├│dica en 120s
[UnifiedSyncCoordinator] Disposing UnifiedSyncCoordinator...
[UnifiedSyncCoordinator] Deteniendo auto-sync peri├│dico...
00:00 +14 -5: UnifiedSyncCoordinator - Stream de Estado Stream emite cambios de estado
[UnifiedSyncCoordinator] Inicializando UnifiedSyncCoordinator...
[UnifiedSyncCoordinator] Cambios pendientes marcados: books (prioridad: medium)
[UnifiedSyncCoordinator] Disposing UnifiedSyncCoordinator...
[UnifiedSyncCoordinator] Deteniendo auto-sync peri├│dico...
00:00 +15 -5: UnifiedSyncCoordinator - Stream de Estado Estado refleja sincronizaci├│n en progreso
[UnifiedSyncCoordinator] Inicializando UnifiedSyncCoordinator...
[UnifiedSyncCoordinator] Sincronizaci├│n manual iniciada para: [users]
[UnifiedSyncCoordinator] Sincronizaci├│n de users completada.
[UnifiedSyncCoordinator] Sincronizaci├│n manual completada exitosamente.
[UnifiedSyncCoordinator] Disposing UnifiedSyncCoordinator...
[UnifiedSyncCoordinator] Deteniendo auto-sync peri├│dico...
00:01 +16 -5: Some tests failed.
